I'm sorry, but errors were detected in your script. Please correct the
errors listed below, and try again.


File "game/script.rpy", line 909: expected statement.
    j {image="images/demonstration.jpg"}
                                        ^

Ren'Py Version: Ren'Py 6.18.3.761
